
> e-commerce-store@1.0.0 build
> next build

node.exe : 'next' is not 
recognized as an internal 
or external command,
At line:1 char:1
+ & "C:\Program 
Files\nodejs/node.exe" 
"C:\Program 
Files\nodejs/node_mo ...
+ ~~~~~~~~~~~~~~~~~~~~~~~~~
~~~~~~~~~~~~~~~~~~~~~~~~~~~
~~~~~~~~~~~~~~~~~
    + CategoryInfo         
     : NotSpecified: ('ne  
  xt' is not r...ternal    
 command,:String) [], R    
emoteException
    + FullyQualifiedErrorI 
   d : NativeCommandError
 
operable program or batch 
file.
